
> echo-of-the-fallen@2.0.0 test
> vitest run


[1m[46m RUN [49m[22m [36mv3.2.4 [39m[90mC:/Users/mjuik/RoguelikeRPG[39m

 [32m✓[39m tests/codex_ui_runtime.test.js [2m([22m[2m2 tests[22m[2m)[22m[32m 41[2mms[22m[39m
 [32m✓[39m tests/run_setup_ui_facade.test.js [2m([22m[2m1 test[22m[2m)[22m[32m 29[2mms[22m[39m
 [32m✓[39m tests/run_return_ui_facade.test.js [2m([22m[2m1 test[22m[2m)[22m[32m 35[2mms[22m[39m
 [32m✓[39m tests/run_start_ui_facade.test.js [2m([22m[2m1 test[22m[2m)[22m[32m 30[2mms[22m[39m
 [32m✓[39m tests/run_mode_ui_facade.test.js [2m([22m[2m1 test[22m[2m)[22m[32m 74[2mms[22m[39m
 [32m✓[39m tests/ending_screen_helpers.test.js [2m([22m[2m2 tests[22m[2m)[22m[32m 16[2mms[22m[39m
 [32m✓[39m tests/codex_ui_facade.test.js [2m([22m[2m1 test[22m[2m)[22m[32m 39[2mms[22m[39m
 [32m✓[39m tests/ending_screen_ui.test.js [2m([22m[2m1 test[22m[2m)[22m[32m 20[2mms[22m[39m
 [32m✓[39m tests/ending_screen_ui_runtime.test.js [2m([22m[2m2 tests[22m[2m)[22m[32m 20[2mms[22m[39m
 [32m✓[39m tests/game_boot_ui.test.js [2m([22m[2m3 tests[22m[2m)[22m[32m 21[2mms[22m[39m
node.exe : [90mstderr
[2m | tests/runtime_met
rics.test.js[2m > [22
m[2mruntime metrics[2
m > [22m[2mtracks err
or counts and minute-le
vel error-rate trend
At line:1 char:1
+ & "C:\Program Files\n
odejs/node.exe" "C:\Pro
gram Files\nodejs/node_
mo ...
+ ~~~~~~~~~~~~~~~~~~~~~
~~~~~~~~~~~~~~~~~~~~~~~
~~~~~~~~~~~~~~~~~~~~~~~
~~
    + CategoryInfo     
         : NotSpecified
: ([9    0mstderr[2m.
..rror-ra    te trend:S
tring) [], R    emoteEx
ception
    + FullyQualifiedErr
orI    d : NativeComman
dError
 
[22m[39m[WARN][echo-o
f-the-fallen][2026-01-0
1T00:00:00.000Z] [Error
Reporter] {
  code: [32m'invalid_a
ction'[39m,
  context: [32m'runtim
e_metrics_test'[39m,
  severity: [32m'warn'
[39m,
  message: [32m'first'
[39m
}
[ERROR][echo-of-the-fal
len][2026-01-01T00:01:0
0.000Z] [ErrorReporter]
 {
  code: [32m'save_load
_failed'[39m,
  context: [32m'runtim
e_metrics_test'[39m,
  severity: [32m'error
'[39m,
  message: [32m'second
'[39m
}
[ERROR][echo-of-the-fal
len][2026-01-01T00:01:0
0.000Z] [ErrorReporter]
 {
  code: [32m'save_load
_failed'[39m,
  context: [32m'runtim
e_metrics_test'[39m,
  severity: [32m'error
'[39m,
  message: [32m'third'
[39m
}

 [32m✓[39m tests/runtime_metrics.test.js [2m([22m[2m3 tests[22m[2m)[22m[32m 18[2mms[22m[39m
 [32m✓[39m tests/reward_ui.test.js [2m([22m[2m5 tests[22m[2m)[22m[32m 15[2mms[22m[39m
[90mstdout[2m | tests/runtime_state_flow.test.js[2m > [22m[2mruntime state flow guards[2m > [22m[2mrolls back transient card-play state when card effect throws
[22m[39m[GROUP] API: Play Card (Explosive Script)

[90mstderr[2m | tests
/runtime_state_flow.tes
t.js[2m > [22m[2mrun
time state flow guards
[2m > [22m[2mrolls ba
ck transient card-play 
state when card effect 
throws
[22m[39m  [ERROR][ech
o-of-the-fallen][2026-0
3-10T04:36:15.297Z] Err
or playing card: Error:
 effect failed
      at Object.effect 
[90m(C:\Users\mjuik\Ro
guelikeRPG\[39mtests\r
untime_state_flow.test.
js:97:19[90m)[39m
      at Object.playCar
d [90m(C:\Users\mjuik\
RoguelikeRPG\[39mgame\
core\game_api.js:215:30
[90m)[39m
      at [90mC:\Users\
mjuik\RoguelikeRPG\[39
mtests\runtime_state_fl
ow.test.js:113:28
      at [90mfile:///C
:/Users/mjuik/Roguelike
RPG/[39mnode_modules/
[4m@vitest/runner[24m/
dist/chunk-hooks.js:155
:11
      at [90mfile:///C
:/Users/mjuik/Roguelike
RPG/[39mnode_modules/
[4m@vitest/runner[24m/
dist/chunk-hooks.js:752
:26
      at [90mfile:///C
:/Users/mjuik/Roguelike
RPG/[39mnode_modules/
[4m@vitest/runner[24m/
dist/chunk-hooks.js:189
7:20
      at new Promise (<
anonymous>)
      at runWithTimeout
 [90m(file:///C:/Users
/mjuik/RoguelikeRPG/[3
9mnode_modules/[4m@vit
est/runner[24m/dist/ch
unk-hooks.js:1863:10[9
0m)[39m
      at runTest [90m(
file:///C:/Users/mjuik/
RoguelikeRPG/[39mnode_
modules/[4m@vitest/run
ner[24m/dist/chunk-hoo
ks.js:1574:12[90m)[39
m
  [90m    at processTi
cksAndRejections (node:
internal/process/task_q
ueues:103:5)[39m

[90mstdout[2m | tests/runtime_state_flow.test.js[2m > [22m[2mruntime state flow guards[2m > [22m[2mconsumes free-charge state after successful card play
[22m[39m[GROUP] API: Play Card (Free Pulse)

[90mstdout[2m | tests/runtime_state_flow.test.js[2m > [22m[2mruntime state flow guards[2m > [22m[2mfires card_play item trigger after successful card play
[22m[39m[GROUP] API: Play Card (Item Hook Probe)

[90mstdout[2m | tests/runtime_state_flow.test.js[2m > [22m[2mruntime state flow guards[2m > [22m[2mdoes not consume a next-card discount granted by the card being played
[22m[39m[GROUP] API: Play Card (Tempo Like)

[90mstdout[2m | tests/runtime_state_flow.test.js[2m > [22m[2mruntime state flow guards[2m > [22m[2mapplies before_card_cost item hook before energy check
[22m[39m[GROUP] API: Play Card (Coupon Check)

 [32m✓[39m tests/runtime_state_flow.test.js [2m([22m[2m6 tests[22m[2m)[22m[32m 18[2mms[22m[39m
 [32m✓[39m tests/help_pause_ui.test.js [2m([22m[2m4 tests[22m[2m)[22m[32m 48[2mms[22m[39m
 [32m✓[39m tests/character_select_particles.test.js [2m([22m[2m2 tests[22m[2m)[22m[32m 12[2mms[22m[39m
[90mstderr[2m | tests
/title_settings_binding
s.test.js[2m > [22m[
2mtitle start flow tran
sition[2m > [22m[2mc
ontinues run start flow
 even if pre-run ripple
 fails
[22m[39m[TitleSetting
sBindings] pre-run ripp
le failed: Error: rippl
e fail
    at [90mC:\Users\mj
uik\RoguelikeRPG\[39mt
ests\title_settings_bin
dings.test.js:112:13
    at mockCall [90m(f
ile:///C:/Users/mjuik/R
oguelikeRPG/[39mnode_m
odules/[4m@vitest/spy
[24m/dist/index.js:96:1
5[90m)[39m
    at spy [90m(file:/
//C:/Users/mjuik/Roguel
ikeRPG/[39mnode_module
s/[4mtinyspy[24m/dist
/index.js:47:80[90m)[
39m
    at playPreRunRipple
 [90m(C:\Users\mjuik\R
oguelikeRPG\[39mgame\c
ore\bindings\title_sett
ings_bindings.js:131:36
[90m)[39m
    at Object.fns.start
Game [90m(C:\Users\mju
ik\RoguelikeRPG\[39mga
me\core\bindings\title_
settings_bindings.js:16
6:9[90m)[39m
    at [90mC:\Users\mj
uik\RoguelikeRPG\[39mt
ests\title_settings_bin
dings.test.js:122:9
    at [90mfile:///C:/
Users/mjuik/RoguelikeRP
G/[39mnode_modules/[4
m@vitest/runner[24m/di
st/chunk-hooks.js:155:1
1
    at [90mfile:///C:/
Users/mjuik/RoguelikeRP
G/[39mnode_modules/[4
m@vitest/runner[24m/di
st/chunk-hooks.js:752:2
6
    at [90mfile:///C:/
Users/mjuik/RoguelikeRP
G/[39mnode_modules/[4
m@vitest/runner[24m/di
st/chunk-hooks.js:1897:
20
    at new Promise (<an
onymous>)

 [32m✓[39m tests/title_settings_bindings.test.js [2m([22m[2m4 tests[22m[2m)[22m[32m 16[2mms[22m[39m
 [31m❯[39m tests/thematic_relics.test.js [2m([22m[2m13 tests[22m[2m | [22m[31m1 failed[39m[2m)[22m[32m 17[2mms[22m[39m
   [32m✓[39m Thematic Relic Sets[2m > [22mSerpents Gaze (독사의 시선)[2m > [22mserpent_fang_dagger applies poison at combat start[32m 3[2mms[22m[39m
   [32m✓[39m Thematic Relic Sets[2m > [22mSerpents Gaze (독사의 시선)[2m > [22macidic_vial has chance to increase poison on attack[32m 1[2mms[22m[39m
   [32m✓[39m Thematic Relic Sets[2m > [22mSerpents Gaze (독사의 시선)[2m > [22mserpent 2-set bonus spreads poison[32m 1[2mms[22m[39m
   [32m✓[39m Thematic Relic Sets[2m > [22mSerpents Gaze (독사의 시선)[2m > [22mserpent 3-set bonus increases damage against highly poisoned targets[32m 0[2mms[22m[39m
   [32m✓[39m Thematic Relic Sets[2m > [22mHoly Grail (생명의 성배)[2m > [22mmonks_rosary heals at turn start[32m 0[2mms[22m[39m
   [32m✓[39m Thematic Relic Sets[2m > [22mHoly Grail (생명의 성배)[2m > [22mgrail 2-set bonus converts overheal to shield[32m 0[2mms[22m[39m
   [32m✓[39m Thematic Relic Sets[2m > [22mHoly Grail (생명의 성배)[2m > [22mgrail 3-set bonus boosts next damage after heal[32m 0[2mms[22m[39m
   [32m✓[39m Thematic Relic Sets[2m > [22mTitans Endurance (거인의 인내)[2m > [22mtitans_belt boosts max HP in combat[32m 0[2mms[22m[39m
   [32m✓[39m Thematic Relic Sets[2m > [22mTitans Endurance (거인의 인내)[2m > [22mtitan 2-set bonus boosts damage at high HP[32m 0[2mms[22m[39m
   [32m✓[39m Thematic Relic Sets[2m > [22mTitans Endurance (거인의 인내)[2m > [22mtitan 3-set bonus prevents death once[32m 0[2mms[22m[39m
[31m   [31m×[31m Thematic Relic Sets[2m > [22mIron Fortress (철옹성)[2m > [22mbastion_shield_plate gives shield at turn end[39m[32m 9[2mms[22m[39m
[31m     → expected +0 to be 5 // Object.is equality[39m
   [32m✓[39m Thematic Relic Sets[2m > [22mIron Fortress (철옹성)[2m > [22mfortress 2-set bonus adds energy at turn start with shield[32m 0[2mms[22m[39m
   [32m✓[39m Thematic Relic Sets[2m > [22mIron Fortress (철옹성)[2m > [22mfortress 3-set bonus adds shield-based damage[32m 0[2mms[22m[39m
 [32m✓[39m tests/event_ui_rest_site.test.js [2m([22m[2m3 tests[22m[2m)[22m[32m 11[2mms[22m[39m
[90mstderr[2m | tests
/save_system_outbox.tes
t.js[2m > [22m[2mSav
eSystem outbox[2m > [
22m[2mqueues failed me
ta saves and flushes wh
en adapter recovers
[22m[39m[WARN][echo-o
f-the-fallen][2026-01-0
1T00:00:00.000Z] [SaveS
ystem] Save failed for 
"echo_fallen_meta". Que
ued for retry.

[90mstderr[2m | tests
/save_system_outbox.tes
t.js[2m > [22m[2mSav
eSystem outbox[2m > [
22m[2mcoalesces queued
 entries by key and kee
ps the latest payload
[22m[39m[WARN][echo-o
f-the-fallen][2026-01-0
1T00:00:00.000Z] [SaveS
ystem] Save failed for 
"echo_fallen_save". Que
ued for retry.
[WARN][echo-of-the-fall
en][2026-01-01T00:00:00
.000Z] [SaveSystem] Sav
e failed for "echo_fall
en_save". Queued for re
try.

[90mstderr[2m | tests
/save_system_outbox.tes
t.js[2m > [22m[2mSav
eSystem outbox[2m > [
22m[2mretries queued w
rites with exponential 
backoff
[22m[39m[WARN][echo-o
f-the-fallen][2026-01-0
1T00:00:00.000Z] [SaveS
ystem] Save failed for 
"echo_fallen_meta". Que
ued for retry.

[90mstderr[2m | tests
/save_system_outbox.tes
t.js[2m > [22m[2mSav
eSystem outbox[2m > [
22m[2mpreserves run sa
ve snapshot while queue
d
[22m[39m[WARN][echo-o
f-the-fallen][2026-01-0
1T00:00:00.000Z] [SaveS
ystem] Save failed for 
"echo_fallen_save". Que
ued for retry.

[90mstderr[2m | tests
/save_system_outbox.tes
t.js[2m > [22m[2mSav
eSystem outbox[2m > [
22m[2mtracks outbox te
lemetry for failures, r
etries, and success
[22m[39m[WARN][echo-o
f-the-fallen][2026-01-0
1T00:00:00.000Z] [SaveS
ystem] Save failed for 
"echo_fallen_save". Que
ued for retry.

 [32m✓[39m tests/save_system_outbox.test.js [2m([22m[2m5 tests[22m[2m)[22m[32m 11[2mms[22m[39m
 [32m✓[39m tests/run_start_ui.test.js [2m([22m[2m3 tests[22m[2m)[22m[32m 10[2mms[22m[39m
 [32m✓[39m tests/init_sequence.test.js [2m([22m[2m1 test[22m[2m)[22m[32m 10[2mms[22m[39m
 [32m✓[39m tests/settings_ui.test.js [2m([22m[2m5 tests[22m[2m)[22m[32m 11[2mms[22m[39m
 [32m✓[39m tests/map_branching.test.js [2m([22m[2m3 tests[22m[2m)[22m[32m 9[2mms[22m[39m
 [32m✓[39m tests/player_hp_panel_ui.test.js [2m([22m[2m6 tests[22m[2m)[22m[32m 9[2mms[22m[39m
 [32m✓[39m tests/combat_start_ui.test.js [2m([22m[2m3 tests[22m[2m)[22m[32m 10[2mms[22m[39m
 [32m✓[39m tests/character_select_ui_mount.test.js [2m([22m[2m1 test[22m[2m)[22m[32m 10[2mms[22m[39m
 [32m✓[39m tests/title_canvas_runtime.test.js [2m([22m[2m2 tests[22m[2m)[22m[32m 10[2mms[22m[39m
 [32m✓[39m tests/event_ui_flow.test.js [2m([22m[2m4 tests[22m[2m)[22m[32m 9[2mms[22m[39m
 [32m✓[39m tests/run_setup_ui.test.js [2m([22m[2m1 test[22m[2m)[22m[32m 9[2mms[22m[39m
 [32m✓[39m tests/character_select_panels.test.js [2m([22m[2m3 tests[22m[2m)[22m[32m 9[2mms[22m[39m
 [32m✓[39m tests/character_select_bindings.test.js [2m([22m[2m4 tests[22m[2m)[22m[32m 8[2mms[22m[39m
 [32m✓[39m tests/feedback_ui_notices.test.js [2m([22m[2m2 tests[22m[2m)[22m[32m 8[2mms[22m[39m
 [32m✓[39m tests/ending_screen_ui_facade.test.js [2m([22m[2m1 test[22m[2m)[22m[32m 7[2mms[22m[39m
 [32m✓[39m tests/deps_factory.test.js [2m([22m[2m5 tests[22m[2m)[22m[32m 9[2mms[22m[39m
 [32m✓[39m tests/run_return_ui_runtime.test.js [2m([22m[2m2 tests[22m[2m)[22m[32m 7[2mms[22m[39m
 [32m✓[39m tests/class_progression_bonuses.test.js [2m([22m[2m3 tests[22m[2m)[22m[32m 7[2mms[22m[39m
 [32m✓[39m tests/description_utils_highlight.test.js [2m([22m[2m4 tests[22m[2m)[22m[32m 8[2mms[22m[39m
 [32m✓[39m tests/map_ui_full_map.test.js [2m([22m[2m2 tests[22m[2m)[22m[32m 8[2mms[22m[39m
 [32m✓[39m tests/feedback_ui_effects.test.js [2m([22m[2m3 tests[22m[2m)[22m[32m 7[2mms[22m[39m
 [32m✓[39m tests/hud_update_ui_hp_panel.test.js [2m([22m[2m3 tests[22m[2m)[22m[32m 7[2mms[22m[39m
 [32m✓[39m tests/codex_ui_controller.test.js [2m([22m[2m4 tests[22m[2m)[22m[32m 6[2mms[22m[39m
 [32m✓[39m tests/meta_progression_ui.test.js [2m([22m[2m2 tests[22m[2m)[22m[32m 6[2mms[22m[39m
 [32m✓[39m tests/event_ui_item_shop.test.js [2m([22m[2m3 tests[22m[2m)[22m[32m 7[2mms[22m[39m
 [32m✓[39m tests/character_select_summary_replay.test.js [2m([22m[2m2 tests[22m[2m)[22m[32m 7[2mms[22m[39m
 [32m✓[39m tests/event_ui_card_discard.test.js [2m([22m[2m3 tests[22m[2m)[22m[32m 6[2mms[22m[39m
 [32m✓[39m tests/event_ui.test.js [2m([22m[2m2 tests[22m[2m)[22m[32m 8[2mms[22m[39m
 [32m✓[39m tests/story_ui.test.js [2m([22m[2m6 tests[22m[2m)[22m[32m 7[2mms[22m[39m
 [32m✓[39m tests/reward_ui_options.test.js [2m([22m[2m2 tests[22m[2m)[22m[32m 8[2mms[22m[39m
 [32m✓[39m tests/combat_intent_ui.test.js [2m([22m[2m3 tests[22m[2m)[22m[32m 9[2mms[22m[39m
 [32m✓[39m tests/help_pause_ui_runtime.test.js [2m([22m[2m3 tests[22m[2m)[22m[32m 8[2mms[22m[39m
 [32m✓[39m tests/combat_enemy_view_model_ui.test.js [2m([22m[2m3 tests[22m[2m)[22m[32m 7[2mms[22m[39m
 [32m✓[39m tests/feedback_ui_toasts.test.js [2m([22m[2m2 tests[22m[2m)[22m[32m 7[2mms[22m[39m
 [32m✓[39m tests/trigger_extension.test.js [2m([22m[2m5 tests[22m[2m)[22m[32m 6[2mms[22m[39m
 [32m✓[39m tests/class_mechanics.test.js [2m([22m[2m8 tests[22m[2m)[22m[32m 7[2mms[22m[39m
 [32m✓[39m tests/stage_mini_boss_spawn.test.js [2m([22m[2m2 tests[22m[2m)[22m[32m 6[2mms[22m[39m
 [32m✓[39m tests/settings_ui_runtime.test.js [2m([22m[2m3 tests[22m[2m)[22m[32m 7[2mms[22m[39m
 [32m✓[39m tests/combat_hud_feedback.test.js [2m([22m[2m3 tests[22m[2m)[22m[32m 7[2mms[22m[39m
 [32m✓[39m tests/damage_system_facade.test.js [2m([22m[2m3 tests[22m[2m)[22m[32m 7[2mms[22m[39m
 [32m✓[39m tests/character_select_render.test.js [2m([22m[2m3 tests[22m[2m)[22m[32m 6[2mms[22m[39m
 [32m✓[39m tests/time_rift_bug.test.js [2m([22m[2m3 tests[22m[2m)[22m[32m 5[2mms[22m[39m
 [32m✓[39m tests/class_select_buttons_ui.test.js [2m([22m[2m1 test[22m[2m)[22m[32m 6[2mms[22m[39m
 [32m✓[39m tests/intro_cinematic_helpers.test.js [2m([22m[2m4 tests[22m[2m)[22m[32m 7[2mms[22m[39m
 [32m✓[39m tests/game_state_core_methods.test.js [2m([22m[2m3 tests[22m[2m)[22m[32m 7[2mms[22m[39m
 [32m✓[39m tests/combat_hud_widgets_ui.test.js [2m([22m[2m3 tests[22m[2m)[22m[32m 6[2mms[22m[39m
 [32m✓[39m tests/run_mode_ui_runtime.test.js [2m([22m[2m3 tests[22m[2m)[22m[32m 6[2mms[22m[39m
 [32m✓[39m tests/level_up_popup_helpers.test.js [2m([22m[2m5 tests[22m[2m)[22m[32m 5[2mms[22m[39m
 [32m✓[39m tests/turn_manager.test.js [2m([22m[2m5 tests[22m[2m)[22m[32m 7[2mms[22m[39m
 [32m✓[39m tests/combat_ui_render.test.js [2m([22m[2m1 test[22m[2m)[22m[32m 6[2mms[22m[39m
 [32m✓[39m tests/run_start_ui_runtime.test.js [2m([22m[2m1 test[22m[2m)[22m[32m 5[2mms[22m[39m
 [32m✓[39m tests/settings_manager.test.js [2m([22m[2m4 tests[22m[2m)[22m[32m 6[2mms[22m[39m
 [32m✓[39m tests/state_actions.test.js [2m([22m[2m7 tests[22m[2m)[22m[32m 7[2mms[22m[39m
 [32m✓[39m tests/run_rules_preview_meta.test.js [2m([22m[2m4 tests[22m[2m)[22m[32m 7[2mms[22m[39m
 [32m✓[39m tests/codex_records_system.test.js [2m([22m[2m8 tests[22m[2m)[22m[32m 6[2mms[22m[39m
 [32m✓[39m tests/character_select_fx.test.js [2m([22m[2m2 tests[22m[2m)[22m[32m 6[2mms[22m[39m
 [32m✓[39m tests/class_select_selection_ui.test.js [2m([22m[2m3 tests[22m[2m)[22m[32m 6[2mms[22m[39m
 [32m✓[39m tests/combat_enemy_status_badges_ui.test.js [2m([22m[2m2 tests[22m[2m)[22m[32m 5[2mms[22m[39m
 [32m✓[39m tests/codex_ui_render.test.js [2m([22m[2m3 tests[22m[2m)[22m[32m 5[2mms[22m[39m
 [32m✓[39m tests/screen_ui.test.js [2m([22m[2m3 tests[22m[2m)[22m[32m 6[2mms[22m[39m
 [32m✓[39m tests/map_ui_update_next_nodes.test.js [2m([22m[2m3 tests[22m[2m)[22m[32m 6[2mms[22m[39m
 [32m✓[39m tests/codex_ui_structure.test.js [2m([22m[2m3 tests[22m[2m)[22m[32m 6[2mms[22m[39m
 [32m✓[39m tests/death_handler.test.js [2m([22m[2m1 test[22m[2m)[22m[32m 6[2mms[22m[39m
 [32m✓[39m tests/combat_hud_chronicle.test.js [2m([22m[2m3 tests[22m[2m)[22m[32m 6[2mms[22m[39m
 [32m✓[39m tests/items_logic_fixes.test.js [2m([22m[2m6 tests[22m[2m)[22m[32m 6[2mms[22m[39m
 [32m✓[39m tests/event_bindings_registry.test.js [2m([22m[2m1 test[22m[2m)[22m[32m 5[2mms[22m[39m
 [32m✓[39m tests/character_select_flow.test.js [2m([22m[2m2 tests[22m[2m)[22m[32m 6[2mms[22m[39m
 [32m✓[39m tests/event_ui_shop.test.js [2m([22m[2m3 tests[22m[2m)[22m[32m 5[2mms[22m[39m
 [32m✓[39m tests/player_status_metadata.test.js [2m([22m[2m3 tests[22m[2m)[22m[32m 5[2mms[22m[39m
 [32m✓[39m tests/help_pause_ui_abandon_runtime.test.js [2m([22m[2m1 test[22m[2m)[22m[32m 5[2mms[22m[39m
 [32m✓[39m tests/idempotency_utils.test.js [2m([22m[2m4 tests[22m[2m)[22m[32m 7[2mms[22m[39m
 [32m✓[39m tests/region_transition_ui.test.js [2m([22m[2m3 tests[22m[2m)[22m[32m 5[2mms[22m[39m
 [32m✓[39m tests/run_setup_helpers.test.js [2m([22m[2m3 tests[22m[2m)[22m[32m 5[2mms[22m[39m
 [32m✓[39m tests/class_select_ui_facade.test.js [2m([22m[2m1 test[22m[2m)[22m[32m 5[2mms[22m[39m
 [32m✓[39m tests/event_manager_item_shop_cache.test.js [2m([22m[2m3 tests[22m[2m)[22m[32m 5[2mms[22m[39m
 [32m✓[39m tests/map_ui_minimap.test.js [2m([22m[2m2 tests[22m[2m)[22m[32m 4[2mms[22m[39m
 [32m✓[39m tests/combat_enemy_status_tooltip_ui.test.js [2m([22m[2m3 tests[22m[2m)[22m[32m 4[2mms[22m[39m
 [32m✓[39m tests/new_mechanics.test.js [2m([22m[2m4 tests[22m[2m)[22m[32m 6[2mms[22m[39m
 [32m✓[39m tests/items_boss_relics.test.js [2m([22m[2m2 tests[22m[2m)[22m[32m 5[2mms[22m[39m
 [32m✓[39m tests/feedback_ui.test.js [2m([22m[2m1 test[22m[2m)[22m[32m 5[2mms[22m[39m
 [32m✓[39m tests/reward_ui_runtime.test.js [2m([22m[2m3 tests[22m[2m)[22m[32m 5[2mms[22m[39m
 [32m✓[39m tests/bootstrap_game.test.js [2m([22m[2m2 tests[22m[2m)[22m[32m 5[2mms[22m[39m
 [32m✓[39m tests/ui_bindings_status_display.test.js [2m([22m[2m2 tests[22m[2m)[22m[32m 5[2mms[22m[39m
 [32m✓[39m tests/energy_core.test.js [2m([22m[2m1 test[22m[2m)[22m[32m 5[2mms[22m[39m
 [32m✓[39m tests/event_subscribers_player_damage.test.js [2m([22m[2m1 test[22m[2m)[22m[32m 5[2mms[22m[39m
 [32m✓[39m tests/character_select_card_ui.test.js [2m([22m[2m2 tests[22m[2m)[22m[32m 4[2mms[22m[39m
 [32m✓[39m tests/character_select_support.test.js [2m([22m[2m2 tests[22m[2m)[22m[32m 5[2mms[22m[39m
 [32m✓[39m tests/combat_hud_log_ui.test.js [2m([22m[2m3 tests[22m[2m)[22m[32m 5[2mms[22m[39m
 [32m✓[39m tests/combat_hud_special_ui.test.js [2m([22m[2m3 tests[22m[2m)[22m[32m 4[2mms[22m[39m
 [32m✓[39m tests/class_progression_system.test.js [2m([22m[2m4 tests[22m[2m)[22m[32m 4[2mms[22m[39m
 [32m✓[39m tests/run_end_screen_helpers.test.js [2m([22m[2m5 tests[22m[2m)[22m[32m 5[2mms[22m[39m
 [32m✓[39m tests/status_tooltip_metrics.test.js [2m([22m[2m8 tests[22m[2m)[22m[32m 4[2mms[22m[39m
 [32m✓[39m tests/run_mode_ui.test.js [2m([22m[2m1 test[22m[2m)[22m[32m 4[2mms[22m[39m
 [32m✓[39m tests/codex_ui_helpers.test.js [2m([22m[2m4 tests[22m[2m)[22m[32m 4[2mms[22m[39m
 [32m✓[39m tests/codex_ui_popup.test.js [2m([22m[2m3 tests[22m[2m)[22m[32m 4[2mms[22m[39m
 [32m✓[39m tests/game_state_defaults.test.js [2m([22m[2m2 tests[22m[2m)[22m[32m 4[2mms[22m[39m
 [32m✓[39m tests/title_canvas_ui_facade.test.js [2m([22m[2m1 test[22m[2m)[22m[32m 4[2mms[22m[39m
 [32m✓[39m tests/event_contracts.test.js [2m([22m[2m4 tests[22m[2m)[22m[32m 3[2mms[22m[39m
 [32m✓[39m tests/event_bindings_status_effects_registration.test.js [2m([22m[2m1 test[22m[2m)[22m[32m 4[2mms[22m[39m
 [32m✓[39m tests/hud_panel_sections_draw_button.test.js [2m([22m[2m4 tests[22m[2m)[22m[32m 4[2mms[22m[39m
 [32m✓[39m tests/enemy_status_metadata.test.js [2m([22m[2m2 tests[22m[2m)[22m[32m 3[2mms[22m[39m
 [32m✓[39m tests/character_select_modal.test.js [2m([22m[2m2 tests[22m[2m)[22m[32m 4[2mms[22m[39m
 [32m✓[39m tests/class_select_tooltip_ui.test.js [2m([22m[2m2 tests[22m[2m)[22m[32m 4[2mms[22m[39m
 [32m✓[39m tests/codex_ui_inscriptions.test.js [2m([22m[2m2 tests[22m[2m)[22m[32m 3[2mms[22m[39m
 [32m✓[39m tests/character_select_ui_facade.test.js [2m([22m[2m2 tests[22m[2m)[22m[32m 3[2mms[22m[39m
 [32m✓[39m tests/combat_enemy_runtime_ui.test.js [2m([22m[2m3 tests[22m[2m)[22m[32m 4[2mms[22m[39m
 [32m✓[39m tests/draw_availability.test.js [2m([22m[2m4 tests[22m[2m)[22m[32m 3[2mms[22m[39m
 [32m✓[39m tests/enemy_patterns.test.js [2m([22m[2m3 tests[22m[2m)[22m[32m 4[2mms[22m[39m
 [32m✓[39m tests/status_tooltip_builder_focus.test.js [2m([22m[2m3 tests[22m[2m)[22m[32m 4[2mms[22m[39m
 [32m✓[39m tests/map_ui_facade.test.js [2m([22m[2m1 test[22m[2m)[22m[32m 4[2mms[22m[39m
 [32m✓[39m tests/status_effects_data_accessors.test.js [2m([22m[2m5 tests[22m[2m)[22m[32m 3[2mms[22m[39m
 [32m✓[39m tests/run_return_ui_branch_ui.test.js [2m([22m[2m2 tests[22m[2m)[22m[32m 3[2mms[22m[39m
 [32m✓[39m tests/event_manager_resolution_flags.test.js [2m([22m[2m4 tests[22m[2m)[22m[32m 3[2mms[22m[39m
 [32m✓[39m tests/status_tooltip_sections.test.js [2m([22m[2m2 tests[22m[2m)[22m[32m 3[2mms[22m[39m
 [32m✓[39m tests/event_resonance_choice_limit.test.js [2m([22m[2m1 test[22m[2m)[22m[32m 3[2mms[22m[39m
 [32m✓[39m tests/data_module_refactor.test.js [2m([22m[2m3 tests[22m[2m)[22m[32m 3[2mms[22m[39m
 [32m✓[39m tests/card_cost_utils.test.js [2m([22m[2m2 tests[22m[2m)[22m[32m 3[2mms[22m[39m
 [32m✓[39m tests/run_rules_regions.test.js [2m([22m[2m2 tests[22m[2m)[22m[32m 3[2mms[22m[39m
 [32m✓[39m tests/status_tooltip_copy.test.js [2m([22m[2m2 tests[22m[2m)[22m[32m 2[2mms[22m[39m
 [32m✓[39m tests/status_tooltip_meta_data.test.js [2m([22m[2m2 tests[22m[2m)[22m[32m 3[2mms[22m[39m
 [32m✓[39m tests/map_ui_next_nodes.test.js [2m([22m[2m1 test[22m[2m)[22m[32m 2[2mms[22m[39m
 [32m✓[39m tests/event_bus.test.js [2m([22m[2m1 test[22m[2m)[22m[32m 2[2mms[22m[39m
 [32m✓[39m tests/rest_site_upgrade_button.test.js [2m([22m[2m2 tests[22m[2m)[22m[32m 2[2mms[22m[39m
 [32m✓[39m tests/status_tooltip_layout.test.js [2m([22m[2m2 tests[22m[2m)[22m[32m 2[2mms[22m[39m
 [32m✓[39m tests/event_merchant_resolution.test.js [2m([22m[2m1 test[22m[2m)[22m[32m 2[2mms[22m[39m
 [32m✓[39m tests/relic_price_verification.test.js [2m([22m[2m2 tests[22m[2m)[22m[32m 2[2mms[22m[39m

[31m⎯⎯⎯⎯⎯⎯⎯[39m[1m[
41m Failed Tests 1 [49
m[22m[31m⎯⎯⎯⎯⎯⎯⎯[39m

[41m[1m FAIL [22m[4
9m tests/thematic_relic
s.test.js[2m > [22mTh
ematic Relic Sets[2m >
 [22mIron Fortress (철옹
성)[2m > [22mbastion_s
hield_plate gives shiel
d at turn end
[31m[1mAssertionError
[22m: expected +0 to b
e 5 // Object.is equali
ty[39m

[32m- Expected[39m
[31m+ Received[39m

[32m- 5[39m
[31m+ 0[39m

[36m [2m❯[22m tests/
thematic_relics.test.js
:[2m201:38[22m[39m
    [90m199| [39m    
        gs[33m.[39mpl
ayer[33m.[39mitems [
33m=[39m [[32m'bastio
n_shield_plate'[39m][
33m;[39m
    [90m200| [39m    
        gs[33m.[39m[
34mtriggerItems[39m([
33mTrigger[39m[33m.[
39m[33mTURN_END[39m)
[33m;[39m
    [90m201| [39m    
        [34mexpect[39
m(gs[33m.[39mplayer[
33m.[39mshield)[33m.
[39m[34mtoBe[39m([34
m5[39m)[33m;[39m
    [90m   | [39m    
                       
          [31m^[39m
    [90m202| [39m    
    })[33m;[39m
    [90m203| [39m

[31m[2m⎯⎯⎯⎯⎯⎯⎯⎯⎯⎯⎯⎯⎯⎯
⎯⎯⎯⎯⎯⎯⎯⎯⎯⎯[1/1]⎯[22m[
39m


[2m Test Files [22m [1m[31m1 failed[39m[22m[2m | [22m[1m[32m143 passed[39m[22m[90m (144)[39m
[2m      Tests [22m [1m[31m1 failed[39m[22m[2m | [22m[1m[32m413 passed[39m[22m[90m (414)[39m
[2m   Start at [22m 13:36:14
[2m   Duration [22m 4.72s[2m (transform 2.27s, setup 0ms, collect 9.27s, tests 1.19s, environment 23ms, prepare 24.75s)[22m

